// Jest Snapshot v1, https://goo.gl/fbAQLP

exports[`Modal renders nothing when open = false 1`] = `<DocumentFragment />`;
