// Jest Snapshot v1, https://goo.gl/fbAQLP

exports[`TextInput renders the expected markup 1`] = `
<DocumentFragment>
  <div>
    <label
      for="test-input"
      id="test-input-label"
    >
      Test Input
    </label>
    <div>
      <input
        aria-describedby="test-input-helper-text"
        aria-label="Test Input"
        label="Test Input"
        name="test-input"
      />
    </div>
    <div
      id="test-input-helper-text"
    >
      Test Helper Text
    </div>
  </div>
</DocumentFragment>
`;
