// Jest Snapshot v1, https://goo.gl/fbAQLP

exports[`Sidebar renders nothing when open = false 1`] = `<DocumentFragment />`;
